[    0.000000] Initializing cgroup subsys cpuset
[    0.000000] Initializing cgroup subsys cpu
[    0.000000] Initializing cgroup subsys cpuacct
[    0.000000] Linux version 4.4.0-119-generic (buildd@lcy01-amd64-013) (gcc version 5.4.0 20160609 (Ubuntu 5.4.0-6ubuntu1~16.04.9) ) #143-Ubuntu SMP Mon Apr 2 16:08:24 UTC 2018 (Ubuntu 4.4.0-119.143-generic 4.4.114)
[    0.000000] Command line: BOOT_IMAGE=/boot/vmlinuz-4.4.0-119-generic root=LABEL=cloudimg-rootfs ro console=tty1 console=ttyS0
[    0.000000] KERNEL supported cpus:
[    0.000000]   Intel GenuineIntel
[    0.000000]   AMD AuthenticAMD
[    0.000000]   Centaur CentaurHauls
[    0.000000] x86/fpu: xstate_offset[2]:  576, xstate_sizes[2]:  256
[    0.000000] x86/fpu: Supporting XSAVE feature 0x01: 'x87 floating point registers'
[    0.000000] x86/fpu: Supporting XSAVE feature 0x02: 'SSE registers'
[    0.000000] x86/fpu: Supporting XSAVE feature 0x04: 'AVX registers'
[    0.000000] x86/fpu: Enabled xstate features 0x7, context size is 832 bytes, using 'standard' format.
[    0.000000] x86/fpu: Using 'lazy' FPU context switches.
[    0.000000] e820: BIOS-provided physical RAM map:
[    0.000000] BIOS-e820: [mem 0x0000000000000000-0x000000000009fbff] usable
[    0.000000] BIOS-e820: [mem 0x000000000009fc00-0x000000000009ffff] reserved
[    0.000000] BIOS-e820: [mem 0x00000000000f0000-0x00000000000fffff] reserved
[    0.000000] BIOS-e820: [mem 0x0000000000100000-0x000000003ffeffff] usable
[    0.000000] BIOS-e820: [mem 0x000000003fff0000-0x000000003fffffff] ACPI data
[    0.000000] BIOS-e820: [mem 0x00000000fec00000-0x00000000fec00fff] reserved
[    0.000000] BIOS-e820: [mem 0x00000000fee00000-0x00000000fee00fff] reserved
[    0.000000] BIOS-e820: [mem 0x00000000fffc0000-0x00000000ffffffff] reserved
[    0.000000] NX (Execute Disable) protection: active
[    0.000000] SMBIOS 2.5 present.
[    0.000000] Hypervisor detected: KVM
[    0.000000] e820: last_pfn = 0x3fff0 max_arch_pfn = 0x400000000
[    0.000000] MTRR: Disabled
[    0.000000] x86/PAT: MTRRs disabled, skipping PAT initialization too.
[    0.000000] CPU MTRRs all blank - virtualized system.
[    0.000000] x86/PAT: Configuration [0-7]: WB  WT  UC- UC  WB  WT  UC- UC  
[    0.000000] found SMP MP-table at [mem 0x0009fff0-0x0009ffff] mapped at [ffff88000009fff0]
[    0.000000] Scanning 1 areas for low memory corruption
[    0.000000] RAMDISK: [mem 0x36aae000-0x3754efff]
[    0.000000] ACPI: Early table checksum verification disabled
[    0.000000] ACPI: RSDP 0x00000000000E0000 000024 (v02 VBOX  )
[    0.000000] ACPI: XSDT 0x000000003FFF0030 00003C (v01 VBOX   VBOXXSDT 00000001 ASL  00000061)
[    0.000000] ACPI: FACP 0x000000003FFF00F0 0000F4 (v04 VBOX   VBOXFACP 00000001 ASL  00000061)
[    0.000000] ACPI: DSDT 0x000000003FFF0470 0021FF (v02 VBOX   VBOXBIOS 00000002 INTL 20160108)
[    0.000000] ACPI: FACS 0x000000003FFF0200 000040
[    0.000000] ACPI: FACS 0x000000003FFF0200 000040
[    0.000000] ACPI: APIC 0x000000003FFF0240 00005C (v02 VBOX   VBOXAPIC 00000001 ASL  00000061)
[    0.000000] ACPI: SSDT 0x000000003FFF02A0 0001CC (v01 VBOX   VBOXCPUT 00000002 INTL 20160108)
[    0.000000] No NUMA configuration found
[    0.000000] Faking a node at [mem 0x0000000000000000-0x000000003ffeffff]
[    0.000000] NODE_DATA(0) allocated [mem 0x3ffeb000-0x3ffeffff]
[    0.000000] kvm-clock: Using msrs 4b564d01 and 4b564d00
[    0.000000] kvm-clock: cpu 0, msr 0:3ffe3001, primary cpu clock
[    0.000000] kvm-clock: using sched offset of 3499604351 cycles
[    0.000000] clocksource: kvm-clock: mask: 0xffffffffffffffff max_cycles: 0x1cd42e4dffb, max_idle_ns: 881590591483 ns
[    0.000000] Zone ranges:
[    0.000000]   DMA      [mem 0x0000000000001000-0x0000000000ffffff]
[    0.000000]   DMA32    [mem 0x0000000001000000-0x000000003ffeffff]
[    0.000000]   Normal   empty
[    0.000000]   Device   empty
[    0.000000] Movable zone start for each node
[    0.000000] Early memory node ranges
[    0.000000]   node   0: [mem 0x0000000000001000-0x000000000009efff]
[    0.000000]   node   0: [mem 0x0000000000100000-0x000000003ffeffff]
[    0.000000] Initmem setup node 0 [mem 0x0000000000001000-0x000000003ffeffff]
[    0.000000] ACPI: PM-Timer IO Port: 0x4008
[    0.000000] IOAPIC[0]: apic_id 2, version 32, address 0xfec00000, GSI 0-23
[    0.000000] ACPI: INT_SRC_OVR (bus 0 bus_irq 0 global_irq 2 dfl dfl)
[    0.000000] ACPI: INT_SRC_OVR (bus 0 bus_irq 9 global_irq 9 high level)
[    0.000000] Using ACPI (MADT) for SMP configuration information
[    0.000000] smpboot: Allowing 2 CPUs, 0 hotplug CPUs
[    0.000000] PM: Registered nosave memory: [mem 0x00000000-0x00000fff]
[    0.000000] PM: Registered nosave memory: [mem 0x0009f000-0x0009ffff]
[    0.000000] PM: Registered nosave memory: [mem 0x000a0000-0x000effff]
[    0.000000] PM: Registered nosave memory: [mem 0x000f0000-0x000fffff]
[    0.000000] e820: [mem 0x40000000-0xfebfffff] available for PCI devices
[    0.000000] Booting paravirtualized kernel on KVM
[    0.000000] clocksource: refined-jiffies: mask: 0xffffffff max_cycles: 0xffffffff, max_idle_ns: 7645519600211568 ns
[    0.000000] setup_percpu: NR_CPUS:512 nr_cpumask_bits:512 nr_cpu_ids:2 nr_node_ids:1
[    0.000000] PERCPU: Embedded 34 pages/cpu @ffff88003fc00000 s99544 r8192 d31528 u1048576
[    0.000000] PV qspinlock hash table entries: 256 (order: 0, 4096 bytes)
[    0.000000] Built 1 zonelists in Node order, mobility grouping on.  Total pages: 257912
[    0.000000] Policy zone: DMA32
[    0.000000] Kernel command line: BOOT_IMAGE=/boot/vmlinuz-4.4.0-119-generic root=LABEL=cloudimg-rootfs ro console=tty1 console=ttyS0
[    0.000000] PID hash table entries: 4096 (order: 3, 32768 bytes)
[    0.000000] Memory: 1001640K/1048120K available (8532K kernel code, 1313K rwdata, 3996K rodata, 1508K init, 1316K bss, 46480K reserved, 0K cma-reserved)
[    0.000000] SLUB: HWalign=64, Order=0-3, MinObjects=0, CPUs=2, Nodes=1
[    0.000000] Kernel/User page tables isolation: enabled
[    0.000000] Hierarchical RCU implementation.
[    0.000000] 	Build-time adjustment of leaf fanout to 64.
[    0.000000] 	RCU restricting CPUs from NR_CPUS=512 to nr_cpu_ids=2.
[    0.000000] RCU: Adjusting geometry for rcu_fanout_leaf=64, nr_cpu_ids=2
[    0.000000] NR_IRQS:33024 nr_irqs:440 16
[    0.000000] Console: colour VGA+ 80x25
[    0.000000] console [tty1] enabled
[    0.000000] console [ttyS0] enabled
[    0.000000] tsc: Detected 2394.442 MHz processor
[    0.859727] Calibrating delay loop (skipped) preset value.. 4788.88 BogoMIPS (lpj=9577768)
[    0.866594] pid_max: default: 32768 minimum: 301
[    0.867492] ACPI: Core revision 20150930
[    0.869403] ACPI: 2 ACPI AML tables successfully acquired and loaded
[    0.887722] Security Framework initialized
[    0.888881] Yama: becoming mindful.
[    0.889925] AppArmor: AppArmor initialized
[    0.891154] Dentry cache hash table entries: 131072 (order: 8, 1048576 bytes)
[    0.915929] Inode-cache hash table entries: 65536 (order: 7, 524288 bytes)
[    0.922775] Mount-cache hash table entries: 2048 (order: 2, 16384 bytes)
[    0.927334] Mountpoint-cache hash table entries: 2048 (order: 2, 16384 bytes)
[    0.970059] Initializing cgroup subsys io
[    0.970861] Initializing cgroup subsys memory
[    0.971714] Initializing cgroup subsys devices
[    0.972558] Initializing cgroup subsys freezer
[    0.973405] Initializing cgroup subsys net_cls
[    0.974243] Initializing cgroup subsys perf_event
[    0.975118] Initializing cgroup subsys net_prio
[    0.979258] Initializing cgroup subsys hugetlb
[    0.987517] Initializing cgroup subsys pids
[    0.988424] CPU: Physical Processor ID: 0
[    0.989210] CPU: Processor Core ID: 0
[    0.989960] FEATURE SPEC_CTRL Not Present
[    0.991714] mce: CPU supports 0 MCE banks
[    0.992521] Last level iTLB entries: 4KB 1024, 2MB 1024, 4MB 1024
[    1.005251] Last level dTLB entries: 4KB 1024, 2MB 1024, 4MB 1024, 1GB 4
[    1.016528] Spectre V2 mitigation: Mitigation: Full generic retpoline
[    1.035257] Spectre V2 mitigation: Speculation control IBPB not-supported IBRS not-supported
[    1.051453] Freeing SMP alternatives memory: 32K
[    1.067669] ftrace: allocating 32195 entries in 126 pages
[    1.207739] smpboot: APIC(0) Converting physical 0 to logical package 0
[    1.271417] smpboot: Max logical packages: 1
[    1.272558] x2apic enabled
[    1.273437] Switched APIC routing to physical x2apic.
[    1.275616] ..TIMER: vector=0x30 apic1=0 pin1=2 apic2=-1 pin2=-1
[    1.470811] smpboot: CPU0: Intel(R) Core(TM) i5-4210U CPU @ 1.70GHz (family: 0x6, model: 0x45, stepping: 0x1)
[    1.670967] Performance Events: unsupported p6 CPU model 69 no PMU driver, software events only.
[    1.713895] KVM setup paravirtual spinlock
[    1.715829] x86: Booting SMP configuration:
[    1.753473] .... node  #0, CPUs:      #1
[    1.771483] kvm-clock: cpu 1, msr 0:3ffe3041, secondary cpu clock
[    1.777098] mce: CPU supports 0 MCE banks
[    1.801315] x86: Booted up 1 node, 2 CPUs
[    1.838161] smpboot: Total of 2 processors activated (9577.76 BogoMIPS)
[    1.868404] devtmpfs: initialized
[    1.928263] evm: security.selinux
[    1.991209] evm: security.SMACK64
[    2.033718] evm: security.SMACK64EXEC
[    2.055553] evm: security.SMACK64TRANSMUTE
[    2.067385] evm: security.SMACK64MMAP
[    2.068124] evm: security.ima
[    2.068771] evm: security.capability
[    2.069715] clocksource: jiffies: mask: 0xffffffff max_cycles: 0xffffffff, max_idle_ns: 7645041785100000 ns
[    2.071464] futex hash table entries: 512 (order: 3, 32768 bytes)
[    2.072641] pinctrl core: initialized pinctrl subsystem
[    2.073704] RTC time: 12:08:34, date: 04/22/18
[    2.074701] NET: Registered protocol family 16
[    2.139386] cpuidle: using governor ladder
[    2.195404] cpuidle: using governor menu
[    2.248984] PCCT header not found.
[    2.289378] ACPI: bus type PCI registered
[    2.291686] acpiphp: ACPI Hot Plug PCI Controller Driver version: 0.5
[    2.293037] PCI: Using configuration type 1 for base access
[    2.347959] ACPI: Added _OSI(Module Device)
[    2.358384] ACPI: Added _OSI(Processor Device)
[    2.359370] ACPI: Added _OSI(3.0 _SCP Extensions)
[    2.360277] ACPI: Added _OSI(Processor Aggregator Device)
[    2.372594] ACPI: Executed 1 blocks of module-level executable AML code
[    2.377254] ACPI: Interpreter enabled
[    2.383318] ACPI: (supports S0 S5)
[    2.384070] ACPI: Using IOAPIC for interrupt routing
[    2.385287] PCI: Using host bridge windows from ACPI; if necessary, use "pci=nocrs" and report a bug
[    2.391891] ACPI: PCI Root Bridge [PCI0] (domain 0000 [bus 00-ff])
[    2.397954] acpi PNP0A03:00: _OSC: OS supports [ASPM ClockPM Segments MSI]
[    2.399502] acpi PNP0A03:00: _OSC: not requesting OS control; OS requires [ExtendedConfig ASPM ClockPM MSI]
[    2.403420] acpi PNP0A03:00: fail to add MMCONFIG information, can't access extended PCI configuration space under this bridge.
[    2.408192] PCI host bridge to bus 0000:00
[    2.414584] pci_bus 0000:00: root bus resource [io  0x0000-0x0cf7 window]
[    2.415837] pci_bus 0000:00: root bus resource [io  0x0d00-0xffff window]
[    2.417058] pci_bus 0000:00: root bus resource [mem 0x000a0000-0x000bffff window]
[    2.418613] pci_bus 0000:00: root bus resource [mem 0x40000000-0xffdfffff window]
[    2.420289] pci_bus 0000:00: root bus resource [bus 00-ff]
[    2.424847] pci 0000:00:01.1: legacy IDE quirk: reg 0x10: [io  0x01f0-0x01f7]
[    2.431502] pci 0000:00:01.1: legacy IDE quirk: reg 0x14: [io  0x03f6]
[    2.432671] pci 0000:00:01.1: legacy IDE quirk: reg 0x18: [io  0x0170-0x0177]
[    2.443556] pci 0000:00:01.1: legacy IDE quirk: reg 0x1c: [io  0x0376]
[    2.482650] pci 0000:00:07.0: quirk: [io  0x4000-0x403f] claimed by PIIX4 ACPI
[    2.496495] pci 0000:00:07.0: quirk: [io  0x4100-0x410f] claimed by PIIX4 SMB
[    2.511508] ACPI: PCI Interrupt Link [LNKA] (IRQs 5 9 10 *11)
[    2.518700] ACPI: PCI Interrupt Link [LNKB] (IRQs 5 9 10 *11)
[    2.522671] ACPI: PCI Interrupt Link [LNKC] (IRQs 5 9 *10 11)
[    2.524226] ACPI: PCI Interrupt Link [LNKD] (IRQs 5 *9 10 11)
[    2.526908] ACPI: Enabled 2 GPEs in block 00 to 07
[    2.530685] vgaarb: setting as boot device: PCI:0000:00:02.0
[    2.537693] vgaarb: device added: PCI:0000:00:02.0,decodes=io+mem,owns=io+mem,locks=none
[    2.539444] vgaarb: loaded
[    2.541970] vgaarb: bridge control possible 0000:00:02.0
[    2.543263] SCSI subsystem initialized
[    2.554132] ACPI: bus type USB registered
[    2.557508] usbcore: registered new interface driver usbfs
[    2.558616] usbcore: registered new interface driver hub
[    2.559708] usbcore: registered new device driver usb
[    2.561757] PCI: Using ACPI for IRQ routing
[    2.581571] NetLabel: Initializing
[    2.587601] NetLabel:  domain hash size = 128
[    2.588645] NetLabel:  protocols = UNLABELED CIPSOv4
[    2.601035] NetLabel:  unlabeled traffic allowed by default
[    2.602359] amd_nb: Cannot enumerate AMD northbridges
[    2.604458] clocksource: Switched to clocksource kvm-clock
[    2.613189] AppArmor: AppArmor Filesystem Enabled
[    2.627879] pnp: PnP ACPI init
[    2.673278] pnp: PnP ACPI: found 3 devices
[    2.756231] clocksource: acpi_pm: mask: 0xffffff max_cycles: 0xffffff, max_idle_ns: 2085701024 ns
[    2.759041] NET: Registered protocol family 2
[    2.763512] TCP established hash table entries: 8192 (order: 4, 65536 bytes)
[    2.867356] TCP bind hash table entries: 8192 (order: 5, 131072 bytes)
[    2.917468] TCP: Hash tables configured (established 8192 bind 8192)
[    2.918580] UDP hash table entries: 512 (order: 2, 16384 bytes)
[    2.919668] UDP-Lite hash table entries: 512 (order: 2, 16384 bytes)
[    2.920819] NET: Registered protocol family 1
[    2.921666] pci 0000:00:00.0: Limiting direct PCI/PCI transfers
[    2.922706] pci 0000:00:01.0: Activating ISA DMA hang workarounds
[    2.923934] Unpacking initramfs...
[    5.008916] Freeing initrd memory: 10884K
[    5.028010] RAPL PMU detected, API unit is 2^-32 Joules, 4 fixed counters 10737418240 ms ovfl timer
[    5.125606] hw unit of domain pp0-core 2^-0 Joules
[    5.135598] hw unit of domain package 2^-0 Joules
[    5.136511] hw unit of domain dram 2^-0 Joules
[    5.137389] hw unit of domain pp1-gpu 2^-0 Joules
[    5.138381] platform rtc_cmos: registered platform RTC device (no PNP device found)
[    5.141613] Scanning for low memory corruption every 60 seconds
[    5.205942] audit: initializing netlink subsys (disabled)
[    5.227450] audit: type=2000 audit(1524398920.323:1): initialized
[    5.253777] Initialise system trusted keyring
[    5.267816] HugeTLB registered 2 MB page size, pre-allocated 0 pages
[    5.271757] zbud: loaded
[    5.273971] VFS: Disk quotas dquot_6.6.0
[    5.276151] VFS: Dquot-cache hash table entries: 512 (order 0, 4096 bytes)
[    5.278048] squashfs: version 4.0 (2009/01/31) Phillip Lougher
[    5.287254] fuse init (API version 7.23)
[    5.334095] Key type big_key registered
[    5.341438] Allocating IMA MOK and blacklist keyrings.
[    5.343311] Key type asymmetric registered
[    5.389098] Asymmetric key parser 'x509' registered
[    5.424671] Block layer SCSI generic (bsg) driver version 0.4 loaded (major 249)
[    5.479768] io scheduler noop registered
[    5.491337] io scheduler deadline registered (default)
[    5.492351] io scheduler cfq registered
[    5.493290] pci_hotplug: PCI Hot Plug PCI Core version: 0.5
[    5.505144] pciehp: PCI Express Hot Plug Controller Driver version: 0.4
[    5.506433] ACPI: AC Adapter [AC] (on-line)
[    5.568963] input: Power Button as /devices/LNXSYSTM:00/LNXPWRBN:00/input/input0
[    5.584215] ACPI: Power Button [PWRF]
[    5.585074] input: Sleep Button as /devices/LNXSYSTM:00/LNXSLPBN:00/input/input1
[    5.586627] ACPI: Sleep Button [SLPF]
[    5.614297] GHES: HEST is not enabled!
[    5.614990] ACPI: Battery Slot [BAT0] (battery present)
[    5.664450] Serial: 8250/16550 driver, 32 ports, IRQ sharing enabled
[    5.689626] 00:02: ttyS0 at I/O 0x3f8 (irq = 4, base_baud = 115200) is a 16550A
[    5.709447] Linux agpgart interface v0.103
[    5.718087] loop: module loaded
[    5.847958] scsi host0: ata_piix
[    5.907374] scsi host1: ata_piix
[    5.981121] ata1: PATA max UDMA/33 cmd 0x1f0 ctl 0x3f6 bmdma 0xd000 irq 14
[    5.987855] ata2: PATA max UDMA/33 cmd 0x170 ctl 0x376 bmdma 0xd008 irq 15
[    5.989281] libphy: Fixed MDIO Bus: probed
[    6.037291] tun: Universal TUN/TAP device driver, 1.6
[    6.107436] tun: (C) 1999-2004 Max Krasnyansky <maxk@qualcomm.com>
[    6.109737] PPP generic driver version 2.4.2
[    6.110660] ehci_hcd: USB 2.0 'Enhanced' Host Controller (EHCI) Driver
[    6.136846] tsc: Refined TSC clocksource calibration: 2394.880 MHz
[    6.136850] clocksource: tsc: mask: 0xffffffffffffffff max_cycles: 0x228552c4398, max_idle_ns: 440795293843 ns
[    6.192700] ehci-pci: EHCI PCI platform driver
[    6.247500] ehci-platform: EHCI generic platform driver
[    6.250320] ohci_hcd: USB 1.1 'Open' Host Controller (OHCI) Driver
[    6.251413] ohci-pci: OHCI PCI platform driver
[    6.252298] ohci-platform: OHCI generic platform driver
[    6.253309] uhci_hcd: USB Universal Host Controller Interface driver
[    6.254484] i8042: PNP: PS/2 Controller [PNP0303:PS2K,PNP0f03:PS2M] at 0x60,0x64 irq 1,12
[    6.256581] serio: i8042 KBD port at 0x60,0x64 irq 1
[    6.297733] serio: i8042 AUX port at 0x60,0x64 irq 12
[    6.447691] mousedev: PS/2 mouse device common for all mice
[    6.528249] input: AT Translated Set 2 keyboard as /devices/platform/i8042/serio0/input/input2
[    6.569188] rtc_cmos rtc_cmos: rtc core: registered rtc_cmos as rtc0
[    6.570358] rtc_cmos rtc_cmos: alarms up to one day, 114 bytes nvram
[    6.571480] i2c /dev entries driver
[    6.572320] device-mapper: uevent: version 1.0.3
[    6.573329] device-mapper: ioctl: 4.34.0-ioctl (2015-10-28) initialised: dm-devel@redhat.com
[    6.574946] ledtrig-cpu: registered to indicate activity on CPUs
[    6.576454] NET: Registered protocol family 10
[    6.624870] NET: Registered protocol family 17
[    6.647150] Key type dns_resolver registered
[    6.716062] registered taskstats version 1
[    6.747348] Loading compiled-in X.509 certificates
[    6.749011] Loaded X.509 cert 'Build time autogenerated kernel key: f854e06633b5f496ced5b2e02c7b14f761b69302'
[    6.750851] zswap: loaded using pool lzo/zbud
[    6.769644] Key type trusted registered
[    6.850969] Key type encrypted registered
[    6.867703] AppArmor: AppArmor sha1 policy hashing enabled
[    7.067289] ima: No TPM chip found, activating TPM-bypass!
[    7.070413] evm: HMAC attrs: 0x1
[    7.073433]   Magic number: 14:975:127
[    7.077497] acpi device:02: hash matches
[    7.087487] rtc_cmos rtc_cmos: setting system clock to 2018-04-22 12:08:39 UTC (1524398919)
[    7.089304] BIOS EDD facility v0.16 2004-Jun-25, 0 devices found
[    7.179320] EDD information not available.
[    7.211156] Freeing unused kernel memory: 1508K
[    7.287510] Write protecting the kernel read-only data: 14336k
[    7.289067] Freeing unused kernel memory: 1696K
[    7.387655] Freeing unused kernel memory: 100K
Loading, please wait...
starting version[    7.405325] random: systemd-udevd: uninitialized urandom read (16 bytes read, 3 bits of entropy available)
 229
[    7.406144] random: udevadm: uninitialized urandom read (16 bytes read, 3 bits of entropy available)
[    7.406164] random: udevadm: uninitialized urandom read (16 bytes read, 3 bits of entropy available)
[    7.415121] random: udevadm: uninitialized urandom read (16 bytes read, 3 bits of entropy available)
[    7.415167] random: udevadm: uninitialized urandom read (16 bytes read, 3 bits of entropy available)
[    7.415312] random: udevadm: uninitialized urandom read (16 bytes read, 3 bits of entropy available)
[    7.415367] random: udevadm: uninitialized urandom read (16 bytes read, 3 bits of entropy available)
[    7.415418] random: udevadm: uninitialized urandom read (16 bytes read, 3 bits of entropy available)
[    7.415471] random: udevadm: uninitialized urandom read (16 bytes read, 3 bits of entropy available)
[    7.415520] random: udevadm: uninitialized urandom read (16 bytes read, 3 bits of entropy available)
[    7.884091] Fusion MPT base driver 3.04.20
[    7.896728] Copyright (c) 1999-2008 LSI Corporation
[    7.899739] e1000: Intel(R) PRO/1000 Network Driver - version 7.3.21-k8-NAPI
[    7.909334] e1000: Copyright (c) 1999-2006 Intel Corporation.
[    7.925532] Fusion MPT SPI Host driver 3.04.20
[    7.954104] AVX version of gcm_enc/dec engaged.
[    7.970187] AES CTR mode by8 optimization enabled
[    8.123009] input: ImExPS/2 Generic Explorer Mouse as /devices/platform/i8042/serio1/input/input4
[    8.300596] e1000 0000:00:03.0 eth0: (PCI:33MHz:32-bit) 02:1b:e7:ca:c1:c0
[    8.335193] e1000 0000:00:03.0 eth0: Intel(R) PRO/1000 Network Connection
[    8.338404] mptbase: ioc0: Initiating bringup
[    8.339239] e1000 0000:00:03.0 enp0s3: renamed from eth0
[    8.404872] ioc0: LSI53C1030 A0: Capabilities={Initiator}
[    8.578680] scsi host2: ioc0: LSI53C1030 A0, FwRev=00000000h, Ports=1, MaxQ=256, IRQ=20
[    8.937900] scsi 2:0:0:0: Direct-Access     VBOX     HARDDISK         1.0  PQ: 0 ANSI: 5
[    8.948486] scsi target2:0:0: Beginning Domain Validation
[    8.971384] scsi target2:0:0: Domain Validation skipping write tests
[    8.985683] scsi target2:0:0: Ending Domain Validation
[    9.047640] scsi target2:0:0: asynchronous
[    9.049002] scsi 2:0:1:0: Direct-Access     VBOX     HARDDISK         1.0  PQ: 0 ANSI: 5
[    9.068304] scsi target2:0:1: Beginning Domain Validation
[    9.070678] scsi target2:0:1: Domain Validation skipping write tests
[    9.075177] scsi target2:0:1: Ending Domain Validation
[    9.127426] scsi target2:0:1: asynchronous
[    9.194310] sd 2:0:0:0: [sda] 20971520 512-byte logical blocks: (10.7 GB/10.0 GiB)
[    9.194389] sd 2:0:0:0: Attached scsi generic sg0 type 0
[    9.195147] sd 2:0:1:0: Attached scsi generic sg1 type 0
[    9.235057] sd 2:0:1:0: [sdb] 20480 512-byte logical blocks: (10.5 MB/10.0 MiB)
[    9.235191] sd 2:0:0:0: [sda] Write Protect is off
[    9.235263] sd 2:0:0:0: [sda] Incomplete mode parameter data
[    9.235265] sd 2:0:0:0: [sda] Assuming drive cache: write through
[    9.290003]  sda: sda1
[    9.291029] sd 2:0:0:0: [sda] Attached SCSI disk
[    9.451353] sd 2:0:1:0: [sdb] Write Protect is off
[    9.527743] sd 2:0:1:0: [sdb] Incomplete mode parameter data
[    9.530207] sd 2:0:1:0: [sdb] Assuming drive cache: write through
[    9.596009] sd 2:0:1:0: [sdb] Attached SCSI disk
[   11.008624] floppy0: no floppy controllers found
Begin: Loading e[   12.489322] md: linear personality registered for level -1
ssential drivers ... [   12.497387] md: multipath personality registered for level -4
[   12.512178] md: raid0 personality registered for level 0
[   12.531398] md: raid1 personality registered for level 1
[   12.608520] raid6: sse2x1   gen()  7608 MB/s
[   12.680514] raid6: sse2x1   xor()  6187 MB/s
[   12.804476] raid6: sse2x2   gen() 10310 MB/s
[   12.892512] raid6: sse2x2   xor()  6738 MB/s
[   13.020509] raid6: sse2x4   gen() 10529 MB/s
[   13.148515] raid6: sse2x4   xor()  7731 MB/s
[   13.194021] raid6: using algorithm sse2x4 gen() 10529 MB/s
[   13.227394] raid6: .... xor() 7731 MB/s, rmw enabled
[   13.267074] raid6: using ssse3x2 recovery algorithm
[   13.320847] xor: automatically using best checksumming function:
[   13.363047]    avx       : 24284.000 MB/sec
[   13.448696] async_tx: api initialized (async)
[   13.459406] md: raid6 personality registered for level 6
[   13.461694] md: raid5 personality registered for level 5
[   13.549006] md: raid4 personality registered for level 4
[   13.556253] md: raid10 personality registered for level 10
done.
Begin: Running /scripts/init-premount ... done.
Begin: Mounti[   13.658913] Btrfs loaded
ng root file system ... Begin: Running /scripts/local-top ... done.
Begin: Running /scripts/local-premount ... Scanning for Btrfs filesystems
done.
Warning: fsck no[   13.723900] EXT4-fs (sda1): INFO: recovery required on readonly filesystem
t present, so skipping root file system
[   13.749148] EXT4-fs (sda1): write access will be enabled during recovery
[   14.038468] EXT4-fs (sda1): recovery complete
[   14.050225] EXT4-fs (sda1): mounted filesystem with ordered data mode. Opts: (null)
done.
Begin: Running /scripts/local-bottom ... done.
Begin: Running /scripts/init-bottom ... done.
[   14.829436] random: nonblocking pool is initialized
[   14.982212] systemd[1]: systemd 229 running in system mode. (+PAM +AUDIT +SELINUX +IMA +APPARMOR +SMACK +SYSVINIT +UTMP +LIBCRYPTSETUP +GCRYPT +GNUTLS +ACL +XZ -LZ4 +SECCOMP +BLKID +ELFUTILS +KMOD -IDN)
[   15.003563] systemd[1]: Detected virtualization oracle.
[   15.038709] systemd[1]: Detected architecture x86-64.

Welcome to [1mUbuntu 16.04.4 LTS[0m!

[   15.118556] systemd[1]: Set hostname to <ctf-box>.
[   16.163577] systemd[1]: Listening on Journal Socket (/dev/log).
[[0;32m  OK  [0m] Listening on Journal Socket (/dev/log).
[   16.190098] systemd[1]: Listening on Journal Audit Socket.
[[0;32m  OK  [0m] Listening on Journal Audit Socket.
[   16.205073] systemd[1]: Created slice User and Session Slice.
[[0;32m  OK  [0m] Created slice User and Session Slice.
[   16.299237] systemd[1]: Listening on Device-mapper event daemon FIFOs.
[[0;32m  OK  [0m] Listening on Device-mapper event daemon FIFOs.
[   16.308847] systemd[1]: Started Forward Password Requests to Wall Directory Watch.
[[0;32m  OK  [0m] Started Forward Password Requests to Wall Directory Watch.
[   16.340443] systemd[1]: Started Trigger resolvconf update for networkd DNS.
[[0;32m  OK  [0m] Started Trigger resolvconf update for networkd DNS.
[   16.368769] systemd[1]: Reached target System Time Synchronized.
[[0;32m  OK  [0m] Reached target System Time Synchronized.
[   16.414149] systemd[1]: Listening on LVM2 metadata daemon socket.
[[0;32m  OK  [0m] Listening on LVM2 metadata daemon socket.
[   16.448749] systemd[1]: Reached target Swap.
[[0;32m  OK  [0m] Reached target Swap.
[   16.450599] systemd[1]: Listening on LVM2 poll daemon socket.
[[0;32m  OK  [0m] Listening on LVM2 poll daemon socket.
[   16.465246] systemd[1]: Listening on udev Control Socket.
[[0;32m  OK  [0m] Listening on udev Control Socket.
[   16.576735] systemd[1]: Listening on udev Kernel Socket.
[[0;32m  OK  [0m] Listening on udev Kernel Socket.
[   16.631016] systemd[1]: Reached target Encrypted Volumes.
[[0;32m  OK  [0m] Reached target Encrypted Volumes.
[   16.635070] systemd[1]: Created slice System Slice.
[[0;32m  OK  [0m] Created slice System Slice.
[   16.638655] systemd[1]: Reached target Slices.
[[0;32m  OK  [0m] Reached target Slices.
[   16.642671] systemd[1]: Created slice system-serial\x2dgetty.slice.
[[0;32m  OK  [0m] Created slice system-serial\x2dgetty.slice.
[   16.646334] systemd[1]: Reached target User and Group Name Lookups.
[[0;32m  OK  [0m] Reached target User and Group Name Lookups.
[   16.650579] systemd[1]: Listening on /dev/initctl Compatibility Named Pipe.
[[0;32m  OK  [0m] Listening on /dev/initctl Compatibility Named Pipe.
[   16.666991] systemd[1]: Listening on Journal Socket.
[[0;32m  OK  [0m] Listening on Journal Socket.
[   16.688756] systemd[1]: Mounting Debug File System...
         Mounting Debug File System...
[   16.756781] systemd[1]: Mounting Huge Pages File System...
         Mounting Huge Pages File System...
[   16.773500] systemd[1]: Starting Nameserver information manager...
         Starting Nameserver information manager...
[   16.836964] systemd[1]: Starting Remount Root and Kernel File Systems...
         Starting Remount Root and Kernel File Systems...
[   16.880373] systemd[1]: Starting Uncomplicated firewall...
[   16.882205] EXT4-fs (sda1): re-mounted. Opts: (null)
         Starting Uncomplicated firewall...
[   16.888790] systemd[1]: Starting Create list of required static device nodes for the current kernel...
         Starting Create list of required st... nodes for the current kernel...
[   16.895659] systemd[1]: Starting Set console keymap...
         Starting Set console keymap...
[   16.984916] systemd[1]: Starting Load Kernel Modules...
         Starting Load Kernel Modules...
[   17.056584] systemd[1]: Starting Monitoring of LVM2 mirrors, snapshots etc. using dmeventd or progress polling...
         Starting Monitoring of LVM2 mirrors... dmeventd or progress polling...
[   17.135315] systemd[1]: Mounting POSIX Message Queue File System...
         Mounting POSIX Message Queue File System...
[   17.193075] systemd[1]: Set up automount Arbitrary Executable File Formats File System Automount Point.
[[0;32m  OK  [0m] Set up automount Arbitrary Executab...ats File System Automount Point.
[   17.301690] systemd[1]: Listening on Syslog Socket.
[[0;32m  OK  [0m] Listening on Syslog Socket.
[   17.400964] systemd[1]: Starting Journal Service...
         Startin[   17.431789] Loading iSCSI transport class v2.0-870.
g Journal Service...
[   17.512540] iscsi: registered transport (tcp)
[   17.565919] systemd[1]: Mounted POSIX Message Queue File System.
[[0;32m  OK  [0m] Mounted POSIX Message Queue File System.
[   17.603153] systemd[1]: Mounted Huge Pages File System.
[[0;32m  OK  [0m] Mounted Huge Pages File System.
[   17.606713] systemd[1]: Mounted Debug File System.
[[0;32m  OK  [0m] Mounted Debug File System.
[   17.637392] systemd[1]: Started Remount Root and Kernel File Systems.
[[0;32m  OK  [0m] Started Remount Root and Kernel File Systems.
[   17.656839] systemd[1]: Started Uncomplicated firewall.
[[0;32m  OK  [0m] Started Uncomplicated firewall.
[   17.672158] systemd[1]: Started Create list of required static device nodes for the current kernel.
[[0;32m  OK  [0m] Started Crea[   17.701810] iscsi: registered transport (iser)
te list of required sta...ce nodes for the current kernel.
[   17.838140] systemd[1]: Started Set console keymap.
[[0;32m  OK  [0m] Started Set console keymap.
[   17.841803] systemd[1]: Started Load Kernel Modules.
[[0;32m  OK  [0m] Started Load Kernel Modules.
[   17.876915] systemd[1]: Started Nameserver information manager.
[[0;32m  OK  [0m] Started Nameserver information manager.
[   17.932359] systemd[1]: Started Journal Service.
[[0;32m  OK  [0m] Started Journal Service.
[[0;32m  OK  [0m] Started LVM2 metadata daemon.
         Starting Apply Kernel Variables...
         Mounting FUSE Control File System...
         Starting Create Static Device Nodes in /dev...
         Starting Load/Save Random Seed...
         Starting Initial cloud-init job (pre-networking)...
         Starting Flush Journal to Persistent Storage...
         Starting udev Coldplug all Devices...
[[0;32m  OK  [0m] Mounted FUSE Control File System.
[[0;32m  OK  [0m] Started Load/Save Random Seed.
[   18.411361] systemd-journald[411]: Received request to flush runtime journal from PID 1
[[0;32m  OK  [0m] Started udev Coldplug all Devices.
[[0;32m  OK  [0m] Started Monitoring of LVM2 mirrors,...ng dmeventd or progress polling.
[[0;32m  OK  [0m] Started Apply Kernel Variables.
[[0;32m  OK  [0m] Started Flush Journal to Persistent Storage.
[[0;32m  OK  [0m] Started Create Static Device Nodes in /dev.
         Starting udev Kernel Device Manager...
[[0;32m  OK  [0m] Started udev Kernel Device Manager.
[[0;32m  OK  [0m] Started Dispatch Password Requests to Console Directory Watch.
[[0;32m  OK  [0m] Reached target Local File Systems (Pre).
[[0;32m  OK  [0m] Reached target Local File Systems.
         Starting Set console font and keymap...
         Starting LSB: AppArmor initialization...
         Starting Tell Plymouth To Write Out Runtime Data...
         Starting Create Volatile Files and Directories...
[[0;32m  OK  [0m] Found device /dev/ttyS0.
[[0;32m  OK  [0m] Started Tell Plymouth To Write Out Runtime Data.
[[0;32m  OK  [0m] Started Create Volatile Files and Directories.
         Starting Update UTMP about System Boot/Shutdown...
[[0;32m  OK  [0m] Started Update UTMP about System Boot/Shutdown.
[[0;32m  OK  [0m] Started Set console font and keymap.
[[0;32m  OK  [0m] Created slice system-getty.slice.
[[0;32m  OK  [0m] Found device 82540EM Gigabit Ethern...r (PRO/1000 MT Desktop Adapter).
[[0;32m  OK  [0m] Listening on Load/Save RF Kill Switch Status /dev/rfkill Watch.
[[0;32m  OK  [0m] Started LSB: AppArmor initialization.
[   24.283503] cloud-init[452]: Cloud-init v. 17.2 running 'init-local' at Sun, 22 Apr 2018 12:08:58 +0000. Up 23.66 seconds.
[[0;32m  OK  [0m] Started Initial cloud-init job (pre-networking).
[[0;32m  OK  [0m] Reached target Network (Pre).
         Starting Raise network interfaces...
[[0;32m  OK  [0m] Started ifup for enp0s3.
[[0;32m  OK  [0m] Started Raise network interfaces.
[[0;32m  OK  [0m] Reached target Network.
         Starting Initial cloud-init job (metadata service crawler)...
[   26.122643] cloud-init[980]: Cloud-init v. 17.2 running 'init' at Sun, 22 Apr 2018 12:08:59 +0000. Up 25.12 seconds.
[   26.232456] [cloud-init[0;32m  OK  [0m[980]: ] ci-info: +++++++++++++++++++++++++++++++++++++Net device info++++++++++++++++++++++++++++++++++++++Started Initial cloud-init job (metadata service crawler).

[   26.232855] cloud-init[980]: ci-info: +--------+------+----------------------------+---------------+-------+-------------------+[[0;32m  OK  [0m] Reached target System Initialization.

[   26.288680] cloud-init[980]: ci-info: | Device |  Up  |          Address           |      Mask     | Scope |     Hw-Address    |
[   26.319332] [cloud-init[0;32m  OK  [0m[980]: ] ci-info: +--------+------+----------------------------+---------------+-------+-------------------+Started Daily apt download activities.

[[0;32m  OK  [0m] Started Daily apt upgrade and clean activities.
[   26.319901]          cloud-initStarting Socket activation for snappy daemon.[980]: 
ci-info: | enp0s3 | True |         10.0.2.15          | 255.255.255.0 |   .   | 02:1b:e7:ca:c1:c0 |
[   26.464446] [cloud-init[0;32m  OK  [0m[980]: ] ci-info: | enp0s3 | True | fe80::1b:e7ff:feca:c1c0/64 |       .       |  link | 02:1b:e7:ca:c1:c0 |Started ACPI Events Check.

[[0;32m  OK  [0m] Reached target Paths.
[[0;32m  OK  [0m] Listening on ACPID Listen Socket.
[[0;32m  OK  [0m] Started Daily Cleanup of Temporary Directories.
[   26.464935] cloud-init[980]: ci-info: |   lo   | True |         127.0.0.1          |   255.0.0.0   |   .   |         .         |
[   26.532336] [cloud-init[0;32m  OK  [0m[980]: ] ci-info: |   lo   | True |          ::1/128           |       .       |  host |         .         |Started Timer to automatically refresh installed snaps.

[[0;32m  OK  [0m] Reached target Timers.
[[0;32m  OK  [0m] Listening on D-Bus System Message Bus Socket.
[   26.532841] cloud-init[980]: ci-info: +--------+------+----------------------------+---------------+-------+-------------------+
[   26.582314] [cloud-init[0;32m  OK  [0m[980]: ] ci-info: +++++++++++++++++++++++++++Route IPv4 info++++++++++++++++++++++++++++Listening on UUID daemon activation socket.

[   26.582766] cloud-init[980]: ci-info: +-------+-------------+----------+---------------+-----------+-------+
[   26.606101] cloud-init[980]: ci-info: | Route | Destination | Gateway  |    Genmask    | Interface | Flags |
[   26.635916]          cloud-initStarting LXD - unix socket.[980]: 
ci-info: +-------+-------------+----------+---------------+-----------+-------+
[   26.668215] [cloud-init[0;32m  OK  [0m[980]: ] ci-info: |   0   |   0.0.0.0   | 10.0.2.2 |    0.0.0.0    |   enp0s3  |   UG  |Reached target Network is Online.

[   26.668677] cloud-init[980]: ci-info: |   1   |   10.0.2.0  | 0.0.0.0  | 255.255.255.0 |   enp0s3  |   U   |
[   26.736384]          Starting iSCSI initiator daemon (iscsid)...
cloud-init[[980]: [0;32m  OK  [0mci-info: +-------+-------------+----------+---------------+-----------+-------+] 
Reached target Cloud-config availability.
[[0;32m  OK  [0m] Listening on Socket activation for snappy daemon.
[[0;32m  OK  [0m] Listening on LXD - unix socket.
[[0;32m  OK  [0m] Reached target Sockets.
[[0;32m  OK  [0m] Reached target Basic System.
         Starting System Logging Service...
         Starting LSB: MD monitoring daemon...
         Starting /etc/rc.local Compatibility...
[[0;32m  OK  [0m] Started Unattended Upgrades Shutdown.
         Starting Virtualbox guest utils...
         Starting OpenBSD Secure Shell server...
[[0;32m  OK  [0m] Started FUSE filesystem for LXC.
[[0;32m  OK  [0m] Started Regular background program processing daemon.
         Starting Login Service...
[[0;32m  OK  [0m] Started ACPI event daemon.
         Starting Accounts Service...
[[0;32m  OK  [0m] Started D-Bus System Message Bus.
         Starting LSB: Record successful boot for GRUB...
[[0;32m  OK  [0m] Started Deferred execution scheduler.
         Starting LXD - container startup/shutdown...
         Starting Apply the settings specified in cloud-config...
         Starting Snappy daemon...
[[0;32m  OK  [0m] Started System Logging Service.
[[0;32m  OK  [0m] Started OpenBSD Secure Shell server.
[[0;32m  OK  [0m] Started iSCSI initiator daemon (iscsid).
[[0;32m  OK  [0m] Started /etc/rc.local Compatibility.
         Starting Login to default iSCSI targets...
[[0;32m  OK  [0m] Started Login Service.
         Starting Authenticate and Authorize Users to Run Privileged Tasks...
[[0;32m  OK  [0m] Started LSB: Record successful boot for GRUB.
[[0;32m  OK  [0m] Started LSB: MD monitoring daemon.
[   29.005935] cloud-init[1082]: Cloud-init v. 17.2 running 'modules:config' at Sun, 22 Apr 2018 12:09:02 +0000. Up 28.39 seconds.
[[0;32m  OK  [0m] Started Apply the settings specified in cloud-config.
[[0;32m  OK  [0m] Started Authenticate and Authorize Users to Run Privileged Tasks.
[[0;32m  OK  [0m] Started Accounts Service.
[[0;32m  OK  [0m] Started Login to default iSCSI targets.
[[0;32m  OK  [0m] Reached target Remote File Systems (Pre).
[[0;32m  OK  [0m] Reached target Remote File Systems.
         Starting Permit User Sessions...
         Starting LSB: automatic crash report generation...
         Starting LSB: Set the CPU Frequency Scaling governor to "ondemand"...
         Starting LSB: daemon to balance interrupts for SMP systems...
[[0;32m  OK  [0m] Started Virtualbox guest utils.
[[0;32m  OK  [0m] Started Permit User Sessions.
         Starting Terminate Plymouth Boot Screen...
         Starting Hold until boot process finishes up...
[[0;32m  OK  [0m] Started LSB: Set the CPU Frequency Scaling governor to "ondemand".
[[0;32m  OK  [0m] Started Terminate Plymouth Boot Screen.
[[0;32m  OK  [0m] Started Hold until boot process finishes up.
[[0;32m  OK  [0m] Started Serial Getty on ttyS0.
         Starting Set console scheme...
[[0;32m  OK  [0m] Started Getty on tty1.
[[0;32m  OK  [0m] Reached target Login Prompts.
[[0;32m  OK  [0m] Started LSB: daemon to balance interrupts for SMP systems.
[[0;32m  OK  [0m] Created slice User Slice of vagrant.
         Starting User Manager for UID 1000...
[[0;32m  OK  [0m] Started LSB: automatic crash report generation.
[[0;32m  OK  [0m] Started Set console scheme.
[[0;32m  OK  [0m] Started Session 1 of user vagrant.
[[0;32m  OK  [0m] Started User Manager for UID 1000.
[[0;32m  OK  [0m] Started LXD - container startup/shutdown.
[[0;32m  OK  [0m] Started Snappy daemon.
[[0;32m  OK  [0m] Reached target Multi-User System.
         Starting Execute cloud user/final scripts...
[[0;32m  OK  [0m] Reached target Graphical Interface.
         Starting Update UTMP about System Runlevel Changes...
[[0;32m  OK  [0m] Started Update UTMP about System Runlevel Changes.
[   35.317382] cloud-init[1270]: Cloud-init v. 17.2 running 'modules:final' at Sun, 22 Apr 2018 12:09:09 +0000. Up 34.49 seconds.
[   35.317751] cloud-init[1270]: Cloud-init v. 17.2 finished at Sun, 22 Apr 2018 12:09:09 +0000. Datasource DataSourceNoCloud [seed=/dev/sdb][dsmode=net].  Up 35.31 seconds

Ubuntu 16.04.4 LTS ctf-box ttyS0

ctf-box login: 